// Jest Snapshot v1, https://goo.gl/fbAQLP

exports[`DeployChart Snapshot 1`] = `
<div
  className="section"
>
  <figure
    className=" barchart"
    height={undefined}
    width={undefined}
  >
    <span
      className="max-y"
    >
      10
    </span>
    <span
      className="min-y"
    >
      0
    </span>
  </figure>
</div>
`;
