// Jest Snapshot v1, https://goo.gl/fbAQLP

exports[`Layout should render <Layout /> 1`] = `
<Layout
  params={
    Object {
      "app": "freight",
      "env": "production",
      "number": "1115",
    }
  }
>
  <div>
    <header>
      <div
        className="container"
      >
        <div
          className="pull-right"
        >
          <Link
            className="btn btn-sm btn-default btn-disabled"
            to="/deploy/"
          />
        </div>
        <h1>
          <Link
            to="/"
          />
        </h1>
      </div>
    </header>
    <div
      className="body"
    >
      <div
        className="container"
      >
        <div
          style={
            Object {
              "textAlign": "center",
            }
          }
        >
          <LoadingIndicator>
            <div
              className="loading"
            >
              <div
                className="loading-mask"
              />
              <div
                className="loading-indicator"
              />
              <div
                className="loading-message"
              >
                <p>
                  Loading application data. Hold on to your pants!
                </p>
              </div>
            </div>
          </LoadingIndicator>
        </div>
      </div>
    </div>
  </div>
</Layout>
`;
