// Jest Snapshot v1, https://goo.gl/fbAQLP

exports[`Overview Snapshot 1`] = `
<div
  className="container"
  style={
    Object {
      "textAlign": "center",
    }
  }
>
  <div
    className="loading"
  >
    <div
      className="loading-mask"
    />
    <div
      className="loading-indicator"
    />
    <div
      className="loading-message"
    >
      <p>
        Loading list of deploys.
      </p>
    </div>
  </div>
</div>
`;
