// Jest Snapshot v1, https://goo.gl/fbAQLP

exports[`<TooltipTrigger /> should render a snapshot of <TooltipTrigger /> 1`] = `
<TooltipTrigger
  placement="bottom"
  title={
    <div>
      foo
    </div>
  }
  viewport={
    Object {
      "padding": 5,
      "selector": "body",
    }
  }
>
  <div>
    foo
  </div>
</TooltipTrigger>
`;
